---
name: test-shard
version: 0.1.0
targets:
  test-shard:
    main: src/test-shard.cr
crystal: '>= 1.10.0'
dependencies:
  lucky:
    github: luckyframework/lucky
    version: ~> 1.1.0
  avram:
    github: luckyframework/avram
    version: ~> 1.1.0
  carbon:
    github: luckyframework/carbon
    version: ~> 0.4.0
  carbon_sendgrid_adapter:
    github: luckyframework/carbon_sendgrid_adapter
    version: ~> 0.4.0
  lucky_env:
    github: luckyframework/lucky_env
    version: ~> 0.2.0
  lucky_task:
    github: luckyframework/lucky_task
    version: ~> 0.3.0
  authentic:
    github: luckyframework/authentic
    version: '>= 1.0.0, < 2.0.0'
  jwt:
    github: crystal-community/jwt
    version: ~> 1.6.0
development_dependencies:
  lucky_flow:
    github: luckyframework/lucky_flow
    version: ~> 0.9.2
  lucky_sec_tester:
    github: luckyframework/lucky_sec_tester
    version: ~> 0.3.2
