{
  "/css/app.css": "/css/app.css",
  "/js/app.js": "/js/app.js"
}
